fixed_wing done
quadcopter done

fixed_wing: lead_vf, sweep of lead_time (mean score, lower is better)
group  limit respected  vehicle 20% weaker  planned at limit
value                                                       
0.0             0.0306              0.0873            0.1891
0.2             0.0228              0.0687            0.1547
0.4             0.0192              0.0571            0.1266
0.6             0.0201              0.0509            0.1053
0.8             0.0241              0.0511            0.0959
1.0             0.0298              0.0568            0.0967
1.2             0.0362              0.0654            0.1029

fixed_wing: vector_field, sweep of feedforward (mean score, lower is better)
group  limit respected  vehicle 20% weaker  planned at limit
value                                                       
True            0.0306              0.0873            0.1891
False           0.0884              0.1620            0.2547

fixed_wing: l1, sweep of lookahead_time (mean score, lower is better)
group  limit respected  vehicle 20% weaker  planned at limit
value                                                       
1.0             0.0142              0.0664            0.1340
1.75            0.0190              0.0507            0.0987
2.5             0.0327              0.0560            0.0849
3.5             0.0623              0.0776            0.0944
5.0             0.1277              0.1371            0.1718

quadcopter: lead_vf, sweep of lead_time (mean score, lower is better)
group  limit respected  vehicle 20% weaker  planned at limit
value                                                       
0.0             0.0302              0.0805            0.1713
0.2             0.0246              0.0648            0.1241
0.4             0.0250              0.0579            0.1003
0.6             0.0286              0.0568            0.0896
0.8             0.0340              0.0607            0.0899
1.0             0.0402              0.0683            0.0986
1.2             0.0470              0.0776            0.1134

quadcopter: vector_field, sweep of feedforward (mean score, lower is better)
group  limit respected  vehicle 20% weaker  planned at limit
value                                                       
True            0.0302              0.0805            0.1713
False           0.0917              0.1501            0.2488

quadcopter: l1, sweep of lookahead_time (mean score, lower is better)
group  limit respected  vehicle 20% weaker  planned at limit
value                                                       
1.0             0.0202              0.0563            0.1073
1.75            0.0281              0.0557            0.0836
2.5             0.0464              0.0656            0.0809
3.5             0.0843              0.0969            0.1193
5.0             0.1698              0.1829            0.2260
